// Jest Snapshot v1, https://goo.gl/fbAQLP

exports[`Winner component renders a Winner by default 1`] = `undefined`;

exports[`Winner component renders the Winner given props 1`] = `undefined`;
