// Jest Snapshot v1, https://goo.gl/fbAQLP

exports[`GuessList component renders a GuessList by default 1`] = `undefined`;

exports[`GuessList component renders the GuessList given props 1`] = `undefined`;
